[themeim.com/demo/senatory/index.html]
[backblue.gif]
[fade.gif]
[index.html]
[themeim.com/demo/senatory/assets/img/favicon.png]
[themeim.com/demo/senatory/assets/css/animate.css]
[themeim.com/demo/senatory/assets/css/bootstrap.min.css]
[themeim.com/demo/senatory/assets/css/magnific-popup.css]
[themeim.com/demo/senatory/assets/css/owl.carousel.min.css]
[themeim.com/demo/senatory/assets/css/font-awesome.min.css]
[themeim.com/demo/senatory/assets/css/iconmoon.css]
[themeim.com/demo/senatory/assets/css/hover-min.css]
[themeim.com/demo/senatory/assets/css/style.css]
[themeim.com/demo/senatory/assets/css/responsive.css]
[themeim.com/demo/senatory/assets/img/poll-img.png]
[themeim.com/demo/senatory/assets/img/logo.png]
[themeim.com/demo/senatory/index-02.html]
[themeim.com/demo/senatory/index-03.html]
[themeim.com/demo/senatory/index-04.html]
[themeim.com/demo/senatory/index-05.html]
[themeim.com/demo/senatory/index-06.html]
[themeim.com/demo/senatory/about.html]
[themeim.com/demo/senatory/about-two.html]
[themeim.com/demo/senatory/department.html]
[themeim.com/demo/senatory/department-two.html]
[themeim.com/demo/senatory/department-single.html]
[themeim.com/demo/senatory/donation.html]
[themeim.com/demo/senatory/donation-two.html]
[themeim.com/demo/senatory/donation-three.html]
[themeim.com/demo/senatory/donation-single.html]
[themeim.com/demo/senatory/donation-single-two.html]
[themeim.com/demo/senatory/history.html]
[themeim.com/demo/senatory/principle.html]
[themeim.com/demo/senatory/team.html]
[themeim.com/demo/senatory/team-two.html]
[themeim.com/demo/senatory/media.html]
[themeim.com/demo/senatory/issues.html]
[themeim.com/demo/senatory/issue-two.html]
[themeim.com/demo/senatory/issues-three.html]
[themeim.com/demo/senatory/issues-single.html]
[themeim.com/demo/senatory/issues-single-two.html]
[themeim.com/demo/senatory/volunteer.html]
[themeim.com/demo/senatory/services.html]
[themeim.com/demo/senatory/services-two.html]
[themeim.com/demo/senatory/services-single.html]
[themeim.com/demo/senatory/faq.html]
[themeim.com/demo/senatory/error.html]
[themeim.com/demo/senatory/comming-soon.html]
[themeim.com/demo/senatory/event.html]
[themeim.com/demo/senatory/event-two.html]
[themeim.com/demo/senatory/event-three.html]
[themeim.com/demo/senatory/event-four.html]
[themeim.com/demo/senatory/event-five.html]
[themeim.com/demo/senatory/event-single.html]
[themeim.com/demo/senatory/event-single-two.html]
[themeim.com/demo/senatory/news.html]
[themeim.com/demo/senatory/news-two.html]
[themeim.com/demo/senatory/news-three.html]
[themeim.com/demo/senatory/news-four.html]
[themeim.com/demo/senatory/news-single.html]
[themeim.com/demo/senatory/contact.html]
[themeim.com/demo/senatory/contact-two.html]
[themeim.com/demo/senatory/assets/img/header-bg.png]
[themeim.com/demo/senatory/assets/img/body-1.png]
[themeim.com/demo/senatory/assets/img/woman-min.png]
[themeim.com/demo/senatory/assets/img/men-photo.png]
[themeim.com/demo/senatory/assets/img/dotted-shape.png]
[themeim.com/demo/senatory/assets/img/flag-shape.png]
[themeim.com/demo/senatory/assets/img/leader-01.png]
[themeim.com/demo/senatory/assets/img/party-shape.png]
[themeim.com/demo/senatory/assets/img/party-shape-02.png]
[themeim.com/demo/senatory/assets/img/Asset-01.png]
[themeim.com/demo/senatory/assets/img/donation.png]
[themeim.com/demo/senatory/assets/img/vote-banner.png]
[themeim.com/demo/senatory/assets/img/audience.png]
[themeim.com/demo/senatory/assets/img/setting-shape.png]
[themeim.com/demo/senatory/assets/img/volunteer-03.png]
[themeim.com/demo/senatory/assets/img/volunteer-01.png]
[themeim.com/demo/senatory/assets/img/volunteer-02.png]
[themeim.com/demo/senatory/assets/img/volunteer-04.png]
[themeim.com/demo/senatory/assets/img/valunteer-05.png]
[themeim.com/demo/senatory/assets/img/team.png]
[themeim.com/demo/senatory/assets/img/shape-04.png]
[themeim.com/demo/senatory/assets/img/shape-03.png]
[themeim.com/demo/senatory/assets/img/shape-02.png]
[themeim.com/demo/senatory/assets/img/businessmen-shaking-hands.png]
[themeim.com/demo/senatory/assets/img/partners-shaking-hands.png]
[themeim.com/demo/senatory/assets/img/cheking-sheet.png]
[themeim.com/demo/senatory/assets/img/busisess-women.png]
[themeim.com/demo/senatory/assets/img/discussion.png]
[themeim.com/demo/senatory/assets/img/line.png]
[themeim.com/demo/senatory/assets/img/footer-logo.png]
[themeim.com/demo/senatory/assets/img/Mask-flag.png]
[themeim.com/demo/senatory/assets/js/jquery-2.2.4.min.js]
[themeim.com/demo/senatory/assets/js/bootstrap.min.js]
[themeim.com/demo/senatory/assets/js/jquery.magnific-popup.js]
[themeim.com/demo/senatory/assets/js/wow.min.js]
[themeim.com/demo/senatory/assets/js/owl.carousel.min.js]
[themeim.com/demo/senatory/assets/js/waypoints.min.js]
[themeim.com/demo/senatory/assets/js/jquery.counterup.min.js]
[themeim.com/demo/senatory/assets/js/jquery.countdown.min.js]
[themeim.com/demo/senatory/index.html]
[themeim.com/demo/senatory/assets/css/animate.css]
[themeim.com/demo/senatory/assets/js/main.js]
[themeim.com/demo/senatory/assets/css/bootstrap.min.css]
[themeim.com/demo/senatory/assets/css/magnific-popup.css]
[themeim.com/demo/senatory/assets/css/owl.carousel.min.css]
[themeim.com/demo/senatory/assets/fonts/fa-brands-400.eot]
[themeim.com/demo/senatory/assets/fonts/fa-brands-400d41d.eot]
[themeim.com/demo/senatory/assets/fonts/fa-brands-400.woff2]
[themeim.com/demo/senatory/assets/fonts/fa-brands-400.woff]
[themeim.com/demo/senatory/assets/fonts/fa-brands-400.ttf]
[themeim.com/demo/senatory/assets/fonts/fa-brands-400.svg]
[themeim.com/demo/senatory/assets/fonts/fa-regular-400.eot]
[themeim.com/demo/senatory/assets/fonts/fa-regular-400d41d.eot]
[themeim.com/demo/senatory/assets/fonts/fa-regular-400.woff2]
[themeim.com/demo/senatory/assets/fonts/fa-regular-400.woff]
[themeim.com/demo/senatory/assets/fonts/fa-regular-400.ttf]
[themeim.com/demo/senatory/assets/fonts/fa-solid-900.eot]
[themeim.com/demo/senatory/assets/fonts/fa-regular-400.svg]
[themeim.com/demo/senatory/assets/fonts/fa-solid-900d41d.eot]
[themeim.com/demo/senatory/assets/fonts/fa-solid-900.woff2]
[themeim.com/demo/senatory/assets/fonts/fa-solid-900.woff]
[themeim.com/demo/senatory/assets/fonts/fa-solid-900.ttf]
[themeim.com/demo/senatory/assets/css/font-awesome.min.css]
[themeim.com/demo/senatory/assets/fonts/icomooned4b.eot]
[themeim.com/demo/senatory/assets/fonts/icomooned4b.ttf]
[themeim.com/demo/senatory/assets/fonts/fa-solid-900.svg]
[themeim.com/demo/senatory/assets/fonts/icomooned4b.woff]
[themeim.com/demo/senatory/assets/css/iconmoon.css]
[themeim.com/demo/senatory/assets/css/hover-min.css]
[themeim.com/demo/senatory/assets/fonts/icomooned4b.svg]
[themeim.com/demo/senatory/assets/css/style.css]
[themeim.com/demo/senatory/assets/css/responsive.css]
[themeim.com/demo/senatory/assets/img/statue-liberty.png]
[themeim.com/demo/senatory/assets/img/rally.png]
[themeim.com/demo/senatory/assets/img/group-confident.png]
[themeim.com/demo/senatory/assets/img/line-shape.png]
[themeim.com/demo/senatory/assets/icon/quotes-02.svg]
[themeim.com/demo/senatory/assets/img/line-02.png]
[themeim.com/demo/senatory/assets/img/contact-bg.png]
[themeim.com/demo/senatory/assets/img/circle-02.png]
[themeim.com/demo/senatory/assets/img/member-01.png]
[themeim.com/demo/senatory/assets/img/member-02.png]
[themeim.com/demo/senatory/assets/img/member-03.png]
[themeim.com/demo/senatory/assets/img/counter-bg-02.png]
[themeim.com/demo/senatory/assets/img/conference.png]
[themeim.com/demo/senatory/assets/img/waiting.png]
[themeim.com/demo/senatory/assets/img/group-activity.png]
[themeim.com/demo/senatory/assets/img/young-amreican.png]
[themeim.com/demo/senatory/assets/img/people-taking-selfie.png]
[themeim.com/demo/senatory/assets/img/feminist.png]
[themeim.com/demo/senatory/assets/img/team-02.png]
[themeim.com/demo/senatory/assets/img/quotes.png]
[themeim.com/demo/senatory/assets/img/footer-bg-02.png]
[themeim.com/demo/senatory/assets/img/footer-bg.png]
[themeim.com/demo/senatory/assets/js/mail-validation.js]
[themeim.com/demo/senatory/assets/js/contact.js]
[themeim.com/demo/senatory/assets/js/tilt.jquery.js]
[themeim.com/demo/senatory/assets/js/imagesloaded.pkgd.min.js]
[themeim.com/demo/senatory/index-02.html]
[themeim.com/demo/senatory/assets/js/isotope.pkgd.min.js]
[themeim.com/demo/senatory/assets/css/slick.css]
[themeim.com/demo/senatory/assets/img/logo-02.png]
[themeim.com/demo/senatory/assets/img/header-bg-03.png]
[themeim.com/demo/senatory/assets/img/body-2.png]
[themeim.com/demo/senatory/assets/img/senatory.png]
[themeim.com/demo/senatory/assets/img/home-three-star-bg.png]
[themeim.com/demo/senatory/assets/img/dot-shape-02.png]
[themeim.com/demo/senatory/assets/img/meet-member.png]
[themeim.com/demo/senatory/assets/img/senatory-r-logo.png]
[themeim.com/demo/senatory/assets/img/businesswoman-02.png]
[themeim.com/demo/senatory/assets/img/group-confidence-02.png]
[themeim.com/demo/senatory/assets/img/youth-shape.png]
[themeim.com/demo/senatory/assets/img/political-event.png]
[themeim.com/demo/senatory/assets/img/political-event-02.png]
[themeim.com/demo/senatory/assets/img/political-event-03.png]
[themeim.com/demo/senatory/assets/img/pt-shape.png]
[themeim.com/demo/senatory/assets/img/pt-shape-02.png]
[themeim.com/demo/senatory/assets/img/pt-shape-03.png]
[themeim.com/demo/senatory/assets/img/pt-img-02.png]
[themeim.com/demo/senatory/assets/img/pt-img.png]
[themeim.com/demo/senatory/assets/img/pt-img-03.png]
[themeim.com/demo/senatory/assets/js/slick.min.js]
[themeim.com/demo/senatory/index-03.html]
[themeim.com/demo/senatory/assets/img/man.png]
[themeim.com/demo/senatory/assets/img/Path 36.png]
[themeim.com/demo/senatory/assets/img/setting-shape-2.png]
[themeim.com/demo/senatory/assets/img/3334702.png]
[themeim.com/demo/senatory/assets/img/candidate-img.png]
[themeim.com/demo/senatory/assets/img/Mask Group 7.png]
[themeim.com/demo/senatory/assets/img/Mask Group 8.png]
[themeim.com/demo/senatory/assets/img/Path 35.png]
[themeim.com/demo/senatory/assets/img/media.png]
[themeim.com/demo/senatory/assets/img/elegant-director.png]
[themeim.com/demo/senatory/assets/img/patriotism.png]
[themeim.com/demo/senatory/assets/img/portrait.png]
[themeim.com/demo/senatory/index-04.html]
[themeim.com/demo/senatory/assets/img/Home-five/home-five-banner.png]
[themeim.com/demo/senatory/assets/img/Home-five/candidate-img.png]
[themeim.com/demo/senatory/assets/img/Home-five/logo-white.png]
[themeim.com/demo/senatory/assets/img/group-activity-02.png]
[themeim.com/demo/senatory/assets/img/ceo.png]
[themeim.com/demo/senatory/assets/img/Home-five/clining-city.png]
[themeim.com/demo/senatory/assets/img/Home-five/food-donation.png]
[themeim.com/demo/senatory/assets/img/Home-five/blood-donation.jpg]
[themeim.com/demo/senatory/assets/img/Home-five/charity-program.jpg]
[themeim.com/demo/senatory/assets/img/Home-five/clild-education.jpg]
[themeim.com/demo/senatory/assets/img/Home-five/profesonal.jpg]
[themeim.com/demo/senatory/assets/img/Home-five/save-animal.jpg]
[themeim.com/demo/senatory/assets/icon/lines.svg]
[themeim.com/demo/senatory/assets/img/Home-five/donation-five.png]
[themeim.com/demo/senatory/index-05.html]
[themeim.com/demo/senatory/assets/css/flaticon.css]
[themeim.com/demo/senatory/assets/img/home-six/banner-img.png]
[themeim.com/demo/senatory/assets/img/home-six/pandering-press.png]
[themeim.com/demo/senatory/assets/img/home-six/shape/banner-six-shape.png]
[themeim.com/demo/senatory/assets/img/home-six/shape/vote-shape.png]
[themeim.com/demo/senatory/assets/img/home-six/shape/header-shape.png]
[themeim.com/demo/senatory/assets/img/home-six/candidate.png]
[themeim.com/demo/senatory/assets/img/home-six/icon/home-six-quote.png]
[themeim.com/demo/senatory/assets/img/home-six/no-recism.png]
[themeim.com/demo/senatory/assets/img/home-six/cta-shape.png]
[themeim.com/demo/senatory/assets/img/home-six/campaign.png]
[themeim.com/demo/senatory/assets/img/home-six/member-04.png]
[themeim.com/demo/senatory/assets/img/home-six/shape/testimonial-shape.png]
[themeim.com/demo/senatory/assets/img/home-six/shape/testimonial-01.png]
[themeim.com/demo/senatory/assets/js/jQuery.rProgressbar.min.js]
[themeim.com/demo/senatory/assets/js/active.rProgressbar.js]
[themeim.com/demo/senatory/index-06.html]
[themeim.com/demo/senatory/assets/img/about-bg.png]
[themeim.com/demo/senatory/assets/img/shape-05.png]
[themeim.com/demo/senatory/assets/img/about-shape.png]
[themeim.com/demo/senatory/assets/img/business-people.png]
[themeim.com/demo/senatory/assets/img/shape-06.png]
[themeim.com/demo/senatory/assets/img/Ellipse-01.png]
[themeim.com/demo/senatory/assets/img/Ellipse-02.png]
[themeim.com/demo/senatory/about.html]
[themeim.com/demo/senatory/assets/img/home-six/signiture.png]
[themeim.com/demo/senatory/assets/img/line-03.png]
[themeim.com/demo/senatory/assets/img/quotes-02.png]
[themeim.com/demo/senatory/assets/img/thumb.png]
[themeim.com/demo/senatory/assets/img/young-man-with-flag.png]
[themeim.com/demo/senatory/about-two.html]
[themeim.com/demo/senatory/department.html]
[themeim.com/demo/senatory/assets/img/home-six/department/police-deparetment.png]
[themeim.com/demo/senatory/assets/img/home-six/department/house-departnent.png]
[themeim.com/demo/senatory/assets/img/home-six/department/art-deparment.png]
[themeim.com/demo/senatory/assets/img/home-six/department/argiculture-deparment.png]
[themeim.com/demo/senatory/assets/img/home-six/department/business-deparment.png]
[themeim.com/demo/senatory/assets/img/home-six/department/part-department.png]
[themeim.com/demo/senatory/assets/img/home-six/department/highway-deparment.png]
[themeim.com/demo/senatory/assets/img/home-six/department/finance-deparment.png]
[themeim.com/demo/senatory/assets/img/home-six/department/law-deparment.png]
[themeim.com/demo/senatory/department-two.html]
[themeim.com/demo/senatory/assets/img/home-six/department/department-single.png]
[themeim.com/demo/senatory/assets/img/home-six/donation-single-02.png]
[themeim.com/demo/senatory/assets/img/home-six/donation-single-03.png]
[themeim.com/demo/senatory/assets/img/blog-01.png]
[themeim.com/demo/senatory/assets/img/blog-02.png]
[themeim.com/demo/senatory/assets/img/blog-03.png]
[themeim.com/demo/senatory/assets/img/blog-04.png]
[themeim.com/demo/senatory/assets/img/home-six/insta-01.png]
[themeim.com/demo/senatory/assets/img/home-six/insta-02.png]
[themeim.com/demo/senatory/assets/img/home-six/insta-03.png]
[themeim.com/demo/senatory/assets/img/home-six/insta-04.png]
[themeim.com/demo/senatory/assets/img/home-six/insta-05.png]
[themeim.com/demo/senatory/assets/img/home-six/insta-06.png]
[themeim.com/demo/senatory/department-single.html]
[themeim.com/demo/senatory/assets/img/donation-01.png]
[themeim.com/demo/senatory/assets/img/dontaion-02.png]
[themeim.com/demo/senatory/assets/img/dontion-03.png]
[themeim.com/demo/senatory/assets/img/dontion-04.png]
[themeim.com/demo/senatory/assets/img/dontion-05.png]
[themeim.com/demo/senatory/assets/img/dontion-06.png]
[themeim.com/demo/senatory/donation.html]
[themeim.com/demo/senatory/assets/img/home-six/issue-01.png]
[themeim.com/demo/senatory/assets/img/home-six/issue-02.png]
[themeim.com/demo/senatory/assets/img/home-six/issue-03.png]
[themeim.com/demo/senatory/assets/img/home-six/issue-04.png]
[themeim.com/demo/senatory/assets/img/home-six/issue-05.png]
[themeim.com/demo/senatory/assets/img/home-six/issue-06.png]
[themeim.com/demo/senatory/donation-two.html]
[themeim.com/demo/senatory/donation-three.html]
[themeim.com/demo/senatory/assets/img/donation-single-01.png]
[themeim.com/demo/senatory/assets/img/author-01.png]
[themeim.com/demo/senatory/assets/img/donation-single-02.png]
[themeim.com/demo/senatory/assets/img/donation-single-03.png]
[themeim.com/demo/senatory/donation-single.html]
[themeim.com/demo/senatory/assets/img/home-six/donation-sinlge.png]
[themeim.com/demo/senatory/assets/img/home-six/donation-single-04.png]
[themeim.com/demo/senatory/donation-single-two.html]
[themeim.com/demo/senatory/assets/img/shape-09.png]
[themeim.com/demo/senatory/assets/img/history.png]
[themeim.com/demo/senatory/assets/img/shape-10.png]
[themeim.com/demo/senatory/assets/img/Ellipse-03.png]
[themeim.com/demo/senatory/assets/img/history-02.png]
[themeim.com/demo/senatory/assets/img/history-03.png]
[themeim.com/demo/senatory/assets/img/history-04.png]
[themeim.com/demo/senatory/assets/img/history-05.png]
[themeim.com/demo/senatory/history.html]
[themeim.com/demo/senatory/assets/img/male-business-executive.png]
[themeim.com/demo/senatory/assets/img/mayor.png]
[themeim.com/demo/senatory/assets/img/lady-counsilor.png]
[themeim.com/demo/senatory/assets/js/audio.player.js]
[themeim.com/demo/senatory/principle.html]
[themeim.com/demo/senatory/assets/img/team-01.png]
[themeim.com/demo/senatory/assets/img/team-06.png]
[themeim.com/demo/senatory/assets/img/team-03.png]
[themeim.com/demo/senatory/assets/img/team-07.png]
[themeim.com/demo/senatory/assets/img/team-04.png]
[themeim.com/demo/senatory/assets/img/team-05.png]
[themeim.com/demo/senatory/team.html]
[themeim.com/demo/senatory/assets/img/home-six/team/team-01.png]
[themeim.com/demo/senatory/assets/img/home-six/team/team-02.png]
[themeim.com/demo/senatory/assets/img/home-six/team/team-03.png]
[themeim.com/demo/senatory/assets/img/home-six/team/team-04.png]
[themeim.com/demo/senatory/assets/img/home-six/team/team-05.png]
[themeim.com/demo/senatory/assets/img/home-six/team/team-06.png]
[themeim.com/demo/senatory/assets/img/home-six/team/team-07.png]
[themeim.com/demo/senatory/assets/img/home-six/team/team-08.png]
[themeim.com/demo/senatory/assets/img/home-six/team/team-09.png]
[themeim.com/demo/senatory/team-two.html]
[themeim.com/demo/senatory/assets/img/photo-gallery.png]
[themeim.com/demo/senatory/assets/img/photo-gallery-02.png]
[themeim.com/demo/senatory/assets/img/photo-gallery-03.png]
[themeim.com/demo/senatory/assets/img/photo-gallery-04.png]
[themeim.com/demo/senatory/assets/img/celebration.png]
[themeim.com/demo/senatory/media.html]
[themeim.com/demo/senatory/assets/img/modern-building.png]
[themeim.com/demo/senatory/assets/img/doctors-check.png]
[themeim.com/demo/senatory/assets/img/community-services.png]
[themeim.com/demo/senatory/assets/img/balancing-budget.png]
[themeim.com/demo/senatory/assets/img/criminal-judges.png]
[themeim.com/demo/senatory/assets/img/vaterans.png]
[themeim.com/demo/senatory/assets/img/educaition.png]
[themeim.com/demo/senatory/assets/img/feminist-02.png]
[themeim.com/demo/senatory/issues.html]
[themeim.com/demo/senatory/assets/img/home-six/issues/issues-01.png]
[themeim.com/demo/senatory/assets/img/home-six/issues/issues-02.png]
[themeim.com/demo/senatory/assets/img/home-six/issues/issues-03.png]
[themeim.com/demo/senatory/assets/img/home-six/issues/issues-04.png]
[themeim.com/demo/senatory/assets/img/home-six/issues/issues-05.png]
[themeim.com/demo/senatory/assets/img/home-six/issues/issues-06.png]
[themeim.com/demo/senatory/assets/img/home-six/issues/issues-07.png]
[themeim.com/demo/senatory/assets/img/home-six/issues/issues-08.png]
[themeim.com/demo/senatory/assets/img/home-six/issues/issues-09.png]
[themeim.com/demo/senatory/issue-two.html]
[themeim.com/demo/senatory/issues-three.html]
[themeim.com/demo/senatory/assets/img/judges-bg.png]
[themeim.com/demo/senatory/assets/img/shape-07.png]
[themeim.com/demo/senatory/issues-single.html]
[themeim.com/demo/senatory/assets/img/home-six/issues/issue-details.png]
[themeim.com/demo/senatory/assets/img/home-six/issues/action-shape.png]
[themeim.com/demo/senatory/issues-single-two.html]
[themeim.com/demo/senatory/volunteer.html]
[themeim.com/demo/senatory/assets/img/Ellipse-05.png]
[themeim.com/demo/senatory/assets/img/woman-hands.png]
[themeim.com/demo/senatory/services.html]
[themeim.com/demo/senatory/services-two.html]
[themeim.com/demo/senatory/assets/img/tranfic-bg.png]
[themeim.com/demo/senatory/assets/img/tranfic-jam.png]
[themeim.com/demo/senatory/services-single.html]
[themeim.com/demo/senatory/faq.html]
[themeim.com/demo/senatory/assets/img/home-six/shape/error-shape.png]
[themeim.com/demo/senatory/assets/img/home-six/shape/404.png]
[themeim.com/demo/senatory/error.html]
[themeim.com/demo/senatory/assets/img/home-six/shape/Ellipse-01.png]
[themeim.com/demo/senatory/assets/img/home-six/shape/Ellipse-02.png]
[themeim.com/demo/senatory/assets/img/home-six/shape/Ellipse-03.png]
[themeim.com/demo/senatory/assets/img/home-six/shape/Ellipse-04.png]
[themeim.com/demo/senatory/assets/img/home-six/cmng-soon/icon-promotion.png]
[themeim.com/demo/senatory/assets/img/home-six/cmng-soon/celebration.png]
[themeim.com/demo/senatory/comming-soon.html]
[themeim.com/demo/senatory/assets/img/event-01.png]
[themeim.com/demo/senatory/assets/img/event-02.png]
[themeim.com/demo/senatory/assets/img/event-03.png]
[themeim.com/demo/senatory/assets/img/evnt-04.png]
[themeim.com/demo/senatory/event.html]
[themeim.com/demo/senatory/assets/img/home-six/event-01.png]
[themeim.com/demo/senatory/assets/img/home-six/event-02.png]
[themeim.com/demo/senatory/event-two.html]
[themeim.com/demo/senatory/event-three.html]
[themeim.com/demo/senatory/event-four.html]
[themeim.com/demo/senatory/assets/img/home-six/event-03.png]
[themeim.com/demo/senatory/assets/img/home-six/event-04.png]
[themeim.com/demo/senatory/assets/img/home-six/event-05.png]
[themeim.com/demo/senatory/assets/img/home-six/event-06.png]
[themeim.com/demo/senatory/assets/img/home-six/event-07.png]
[themeim.com/demo/senatory/assets/img/home-six/event-08.png]
[themeim.com/demo/senatory/event-five.html]
[themeim.com/demo/senatory/assets/img/event-single-shape.png]
[themeim.com/demo/senatory/assets/img/event-single-bg.png]
[themeim.com/demo/senatory/assets/img/event-single-bg-02.png]
[themeim.com/demo/senatory/event-single.html]
[themeim.com/demo/senatory/assets/img/home-six/event-single-01.png]
[themeim.com/demo/senatory/assets/img/home-six/icon/calendar.png]
[themeim.com/demo/senatory/assets/img/home-six/icon/stopwatch.png]
[themeim.com/demo/senatory/assets/img/home-six/icon/mark.png]
[themeim.com/demo/senatory/assets/img/home-six/organzar.png]
[themeim.com/demo/senatory/event-single-two.html]
[themeim.com/demo/senatory/assets/img/head-office.png]
[themeim.com/demo/senatory/assets/img/perlament-session.png]
[themeim.com/demo/senatory/assets/img/interview.png]
[themeim.com/demo/senatory/assets/img/perlament.png]
[themeim.com/demo/senatory/assets/img/perlament-02.png]
[themeim.com/demo/senatory/assets/img/speach.png]
[themeim.com/demo/senatory/assets/img/visitor.png]
[themeim.com/demo/senatory/assets/img/political-rally.png]
[themeim.com/demo/senatory/news.html]
[themeim.com/demo/senatory/assets/img/home-six/blog/blog-01.png]
[themeim.com/demo/senatory/assets/img/home-six/icon/themeim.png]
[themeim.com/demo/senatory/assets/img/home-six/icon/calender-02.png]
[themeim.com/demo/senatory/assets/img/home-six/blog/blog-02.png]
[themeim.com/demo/senatory/assets/img/home-six/blog/blog-03.png]
[themeim.com/demo/senatory/assets/img/home-six/blog/blog-04.png]
[themeim.com/demo/senatory/assets/img/home-six/blog/blog-05.png]
[themeim.com/demo/senatory/assets/img/home-six/blog/blog-06.png]
[themeim.com/demo/senatory/assets/img/home-six/blog/blog-07.png]
[themeim.com/demo/senatory/assets/img/home-six/blog/blog-08.png]
[themeim.com/demo/senatory/assets/img/home-six/blog/blog-09.png]
[themeim.com/demo/senatory/news-two.html]
[themeim.com/demo/senatory/news-three.html]
[themeim.com/demo/senatory/assets/img/home-six/blog/blog-single-01.png]
[themeim.com/demo/senatory/assets/img/home-six/blog/blog-single-02.png]
[themeim.com/demo/senatory/assets/img/home-six/blog/blog-single-03.png]
[themeim.com/demo/senatory/assets/img/home-six/blog/blog-single-04.png]
[themeim.com/demo/senatory/news-four.html]
[themeim.com/demo/senatory/assets/img/blog-single-bg.png]
[themeim.com/demo/senatory/assets/img/blog-single-02.png]
[themeim.com/demo/senatory/assets/img/blog-single-01.png]
[themeim.com/demo/senatory/assets/icon/Repeat-Grid.svg]
[themeim.com/demo/senatory/news-single.html]
[themeim.com/demo/senatory/assets/img/shape-08.png]
[themeim.com/demo/senatory/assets/img/contact-bg-02.png]
[themeim.com/demo/senatory/assets/img/Ellipse-04.png]
[themeim.com/demo/senatory/assets/img/contact-01.png]
[themeim.com/demo/senatory/assets/img/contact-02.png]
[themeim.com/demo/senatory/contact.html]
[themeim.com/demo/senatory/contact-two.html]
[themeim.com/demo/senatory/assets/fonts/fa-brands-400.svg]
[themeim.com/demo/senatory/assets/fonts/fa-regular-400.svg]
[themeim.com/demo/senatory/assets/fonts/fa-solid-900.svg]
[themeim.com/demo/senatory/assets/fonts/icomooned4b.svg]
[themeim.com/demo/senatory/assets/icon/quotes-02.svg]
[themeim.com/demo/senatory/assets/css/slick.css]
[themeim.com/demo/senatory/assets/icon/lines.svg]
[themeim.com/demo/senatory/assets/fonts/flaticon.woff]
[themeim.com/demo/senatory/assets/fonts/flaticon.woff2]
[themeim.com/demo/senatory/assets/fonts/flaticon.eot]
[themeim.com/demo/senatory/assets/css/flaticon.css]
[themeim.com/demo/senatory/assets/icon/Repeat-Grid.svg]
[themeim.com/demo/senatory/assets/fonts/flaticon.ttf]
[themeim.com/demo/senatory/assets/fonts/flaticon.svg]
[themeim.com/demo/senatory/assets/fonts/flaticon.svg]
